// Jest Snapshot v1, https://goo.gl/fbAQLP

exports[`should render AddExpense properly 1`] = `
<div>
  <h1>
    Add Expense
  </h1>
  <ExpenseForm
    actionText="Add Expense"
    onSubmit={[Function]}
  />
</div>
`;
