// Jest Snapshot v1, https://goo.gl/fbAQLP

exports[`should render EditExpense component properly 1`] = `
<div>
  <h2>
    Expensify - Edit Entry
  </h2>
  <ExpenseForm
    actionText="Update Expense"
    expense={
      Object {
        "amount": 700,
        "createdAt": 1491062400000,
        "description": "item 1 - abc",
        "id": "1",
        "note": "lowest amount, middle date",
      }
    }
    onSubmit={[Function]}
  />
  <button
    onClick={[Function]}
  >
    Remove Expense
  </button>
</div>
`;
