// Jest Snapshot v1, https://goo.gl/fbAQLP

exports[`should render the Navigation component correctly 1`] = `
<nav>
  <ul>
    <li>
      <NavLink
        activeClassName="is-active"
        exact={true}
        to="/"
      >
        Home
      </NavLink>
    </li>
    <li>
      <NavLink
        activeClassName="is-active"
        to="/create"
      >
        Create
      </NavLink>
    </li>
    <li>
      <NavLink
        activeClassName="is-active"
        to="/help"
      >
        Help
      </NavLink>
    </li>
  </ul>
</nav>
`;
